// Jest Snapshot v1, https://goo.gl/fbAQLP

exports[`NotFound page DOM rendering test component and snapshot matches 1`] = `
<div
  className="sc-ifAKCX cyMJPX"
>
  <button
    className="sc-bdVaJa erJscN"
    onClick={[Function]}
  >
    <span
      className="sc-htpNat gUfFlb"
    >
      back to tab page
    </span>
  </button>
</div>
`;
